src/controllers/authController.ts(64,56): error TS2769: No overload matches this call.
  Overload 1 of 2, '(password: string, hash: string): Promise<boolean>', gave the following error.
    Argument of type 'string | undefined' is not assignable to parameter of type 'string'.
      Type 'undefined' is not assignable to type 'string'.
  Overload 2 of 2, '(password: string, hash: string, callback?: Callback<boolean> | undefined, progressCallback?: ProgressCallback | undefined): void', gave the following error.
    Argument of type 'string | undefined' is not assignable to parameter of type 'string'.
      Type 'undefined' is not assignable to type 'string'.
src/scripts/createAdmin.ts(1,31): error TS2307: Cannot find module '../config/supabaseClient' or its corresponding type declarations.
src/scripts/deleteAllUsers.ts(1,31): error TS2307: Cannot find module '../config/supabaseClient' or its corresponding type declarations.
src/scripts/fixAdmin.ts(1,31): error TS2307: Cannot find module '../config/supabaseClient' or its corresponding type declarations.
src/scripts/fixAdmin.ts(17,33): error TS7006: Parameter 'u' implicitly has an 'any' type.
